backups/AboutPage_backup.tsx(4,29): error TS2307: Cannot find module '../lib/seo/meta' or its corresponding type declarations.
backups/AboutPage_backup.tsx(5,36): error TS2307: Cannot find module '../components/ImgWithPlaceholder' or its corresponding type declarations.
backups/App_backup_deploy.tsx(28,48): error TS2307: Cannot find module './constants' or its corresponding type declarations.
backups/App_backup_deploy.tsx(29,26): error TS2307: Cannot find module './types' or its corresponding type declarations.
backups/App_backup_deploy.tsx(30,29): error TS2307: Cannot find module './lib/seo/meta' or its corresponding type declarations.
backups/App_backup_deploy.tsx(31,28): error TS2307: Cannot find module './components/DynamicMap' or its corresponding type declarations.
backups/App_backup_deploy.tsx(32,32): error TS2307: Cannot find module './components/MarketSnapshot' or its corresponding type declarations.
backups/App_backup_deploy.tsx(33,26): error TS2307: Cannot find module './pages/CityPage' or its corresponding type declarations.
backups/App_backup_deploy.tsx(34,32): error TS2307: Cannot find module './pages/PropertiesPage' or its corresponding type declarations.
backups/App_backup_deploy.tsx(35,29): error TS2307: Cannot find module './pages/InsightsHub' or its corresponding type declarations.
backups/App_backup_deploy.tsx(36,29): error TS2307: Cannot find module './pages/ArticlePage' or its corresponding type declarations.
backups/App_backup_deploy.tsx(37,40): error TS2307: Cannot find module './pages/FilteredPropertiesPage' or its corresponding type declarations.
backups/App_backup_deploy.tsx(38,30): error TS2307: Cannot find module './components/SearchFilter' or its corresponding type declarations.
backups/App_backup_deploy.tsx(39,30): error TS2307: Cannot find module './components/PropertyCard' or its corresponding type declarations.
backups/App_backup_deploy.tsx(40,30): error TS2307: Cannot find module './components/ContactModal' or its corresponding type declarations.
backups/App_backup_deploy.tsx(41,35): error TS2307: Cannot find module './components/EmailCaptureModal' or its corresponding type declarations.
backups/App_backup_deploy.tsx(42,30): error TS2307: Cannot find module './hooks/useFavorites' or its corresponding type declarations.
backups/App_backup_deploy.tsx(43,32): error TS2307: Cannot find module './hooks/useContactForm' or its corresponding type declarations.
backups/App_backup_deploy.tsx(44,27): error TS2307: Cannot find module './lib/data' or its corresponding type declarations.
backups/App_backup_deploy.tsx(45,34): error TS2307: Cannot find module './components/InteractiveTools' or its corresponding type declarations.
backups/App_backup_deploy.tsx(46,61): error TS2307: Cannot find module './pages/legal/LegalPages' or its corresponding type declarations.
backups/App_backup_deploy.tsx(47,28): error TS2307: Cannot find module './pages/MarketLive' or its corresponding type declarations.
backups/App_backup_deploy.tsx(48,37): error TS2307: Cannot find module './pages/PropertyPriceOracle' or its corresponding type declarations.
backups/App_backup_deploy.tsx(49,36): error TS2307: Cannot find module './pages/PropertyDetailPage' or its corresponding type declarations.
backups/App_backup_deploy.tsx(50,39): error TS2307: Cannot find module './pages/GozoBridgeTracker' or its corresponding type declarations.
backups/App_backup_deploy.tsx(51,35): error TS2307: Cannot find module './pages/PropertyQuiz' or its corresponding type declarations.
backups/App_backup_deploy.tsx(52,30): error TS2307: Cannot find module './pages/AgencyPortal' or its corresponding type declarations.
backups/App_backup_deploy.tsx(53,30): error TS2307: Cannot find module './lib/auth' or its corresponding type declarations.
backups/App_backup_deploy.tsx(54,36): error TS2307: Cannot find module './components/ImgWithPlaceholder' or its corresponding type declarations.
backups/App_backup_deploy.tsx(55,27): error TS2307: Cannot find module './components/AuthGuard' or its corresponding type declarations.
backups/App_backup_deploy.tsx(56,25): error TS2307: Cannot find module './pages/agency/Login' or its corresponding type declarations.
backups/App_backup_deploy.tsx(57,28): error TS2307: Cannot find module './pages/agency/Register' or its corresponding type declarations.
backups/App_backup_deploy.tsx(58,28): error TS2307: Cannot find module './pages/agency/ForgotPassword' or its corresponding type declarations.
backups/App_backup_deploy.tsx(59,27): error TS2307: Cannot find module './pages/agency/ResetPassword' or its corresponding type declarations.
backups/App_backup_deploy.tsx(60,25): error TS2307: Cannot find module './pages/agency/Upgrade' or its corresponding type declarations.
backups/App_backup_deploy.tsx(61,27): error TS2307: Cannot find module './pages/AboutPage' or its corresponding type declarations.
backups/App_backup_deploy.tsx(62,32): error TS2307: Cannot find module './components/NewsletterForm' or its corresponding type declarations.
backups/App_backup_deploy.tsx(63,27): error TS2307: Cannot find module './components/AIChatbot' or its corresponding type declarations.
backups/articles_46_sync_ready_2026-03-02_16-32/articles-cities.ts(1,25): error TS2307: Cannot find module '../types' or its corresponding type declarations.
backups/articles_46_sync_ready_2026-03-02_16-32/articles-finance.ts(1,25): error TS2307: Cannot find module '../types' or its corresponding type declarations.
backups/articles_46_sync_ready_2026-03-02_16-32/articles-lifestyle.ts(1,25): error TS2307: Cannot find module '../types' or its corresponding type declarations.
backups/articles_46_sync_ready_2026-03-02_16-32/articles-longtail.ts(1,25): error TS2307: Cannot find module '../types' or its corresponding type declarations.
backups/articles_46_sync_ready_2026-03-02_16-32/articles-phase2.ts(1,25): error TS2307: Cannot find module '../types' or its corresponding type declarations.
backups/articles_46_sync_ready_2026-03-02_16-32/articles-phase3.ts(1,25): error TS2307: Cannot find module '../types' or its corresponding type declarations.
backups/articles_46_sync_ready_2026-03-02_16-32/articles-phase3b.ts(1,25): error TS2307: Cannot find module '../types' or its corresponding type declarations.
backups/articles_46_sync_ready_2026-03-02_16-32/articles-phase4.ts(1,25): error TS2307: Cannot find module '../types' or its corresponding type declarations.
backups/articles_46_sync_ready_2026-03-02_16-32/articles-phase4b.ts(1,25): error TS2307: Cannot find module '../types' or its corresponding type declarations.
backups/articles_46_sync_ready_2026-03-02_16-32/articles-phase5.ts(1,25): error TS2307: Cannot find module '../types' or its corresponding type declarations.
backups/articles_46_sync_ready_2026-03-02_16-32/articles-phase5b.ts(1,25): error TS2307: Cannot find module '../types' or its corresponding type declarations.
backups/articles_46_sync_ready_2026-03-02_16-32/articles-technical.ts(1,25): error TS2307: Cannot find module '../types' or its corresponding type declarations.
backups/articles_46_sync_ready_2026-03-02_16-32/constants.ts(1,43): error TS2307: Cannot find module './types' or its corresponding type declarations.
backups/articles_46_sync_ready_2026-03-02_16-32/constants.ts(2,33): error TS2307: Cannot find module './content/articles-phase2' or its corresponding type declarations.
backups/articles_46_sync_ready_2026-03-02_16-32/constants.ts(3,33): error TS2307: Cannot find module './content/articles-phase3' or its corresponding type declarations.
backups/articles_46_sync_ready_2026-03-02_16-32/constants.ts(4,34): error TS2307: Cannot find module './content/articles-phase3b' or its corresponding type declarations.
backups/articles_46_sync_ready_2026-03-02_16-32/constants.ts(5,33): error TS2307: Cannot find module './content/articles-phase4' or its corresponding type declarations.
backups/articles_46_sync_ready_2026-03-02_16-32/constants.ts(6,34): error TS2307: Cannot find module './content/articles-phase4b' or its corresponding type declarations.
backups/articles_46_sync_ready_2026-03-02_16-32/constants.ts(7,33): error TS2307: Cannot find module './content/articles-phase5' or its corresponding type declarations.
backups/articles_46_sync_ready_2026-03-02_16-32/constants.ts(8,34): error TS2307: Cannot find module './content/articles-phase5b' or its corresponding type declarations.
backups/articles_46_sync_ready_2026-03-02_16-32/constants.ts(9,34): error TS2307: Cannot find module './content/articles-finance' or its corresponding type declarations.
backups/articles_46_sync_ready_2026-03-02_16-32/constants.ts(10,36): error TS2307: Cannot find module './content/articles-lifestyle' or its corresponding type declarations.
backups/articles_46_sync_ready_2026-03-02_16-32/constants.ts(11,33): error TS2307: Cannot find module './content/articles-cities' or its corresponding type declarations.
backups/articles_46_sync_ready_2026-03-02_16-32/constants.ts(12,35): error TS2307: Cannot find module './content/articles-longtail' or its corresponding type declarations.
backups/articles_46_sync_ready_2026-03-02_16-32/constants.ts(13,36): error TS2307: Cannot find module './content/articles-technical' or its corresponding type declarations.
backups/articles_46_sync_ready_2026-03-02_16-32/scripts/sync-supabase.ts(2,38): error TS2307: Cannot find module '../src/constants' or its corresponding type declarations.
backups/articles_46_sync_ready_2026-03-02_16-32/scripts/sync-supabase.ts(3,27): error TS2307: Cannot find module '../src/lib/data' or its corresponding type declarations.
backups/deployment_backup_20260304_1025/src/backups/FINAL_INNOVATION_V1/App.tsx(29,29): error TS2307: Cannot find module './lib/seo/meta' or its corresponding type declarations.
backups/deployment_backup_20260304_1025/src/backups/FINAL_INNOVATION_V1/App.tsx(30,28): error TS2307: Cannot find module './components/DynamicMap' or its corresponding type declarations.
backups/deployment_backup_20260304_1025/src/backups/FINAL_INNOVATION_V1/App.tsx(31,32): error TS2307: Cannot find module './components/MarketSnapshot' or its corresponding type declarations.
backups/deployment_backup_20260304_1025/src/backups/FINAL_INNOVATION_V1/App.tsx(32,26): error TS2307: Cannot find module './pages/CityPage' or its corresponding type declarations.
backups/deployment_backup_20260304_1025/src/backups/FINAL_INNOVATION_V1/App.tsx(33,32): error TS2307: Cannot find module './pages/PropertiesPage' or its corresponding type declarations.
backups/deployment_backup_20260304_1025/src/backups/FINAL_INNOVATION_V1/App.tsx(34,29): error TS2307: Cannot find module './pages/InsightsHub' or its corresponding type declarations.
backups/deployment_backup_20260304_1025/src/backups/FINAL_INNOVATION_V1/App.tsx(35,29): error TS2307: Cannot find module './pages/ArticlePage' or its corresponding type declarations.
backups/deployment_backup_20260304_1025/src/backups/FINAL_INNOVATION_V1/App.tsx(36,40): error TS2307: Cannot find module './pages/FilteredPropertiesPage' or its corresponding type declarations.
backups/deployment_backup_20260304_1025/src/backups/FINAL_INNOVATION_V1/App.tsx(37,30): error TS2307: Cannot find module './components/SearchFilter' or its corresponding type declarations.
backups/deployment_backup_20260304_1025/src/backups/FINAL_INNOVATION_V1/App.tsx(38,30): error TS2307: Cannot find module './components/PropertyCard' or its corresponding type declarations.
backups/deployment_backup_20260304_1025/src/backups/FINAL_INNOVATION_V1/App.tsx(39,30): error TS2307: Cannot find module './components/ContactModal' or its corresponding type declarations.
backups/deployment_backup_20260304_1025/src/backups/FINAL_INNOVATION_V1/App.tsx(40,35): error TS2307: Cannot find module './components/EmailCaptureModal' or its corresponding type declarations.
backups/deployment_backup_20260304_1025/src/backups/FINAL_INNOVATION_V1/App.tsx(41,30): error TS2307: Cannot find module './hooks/useFavorites' or its corresponding type declarations.
backups/deployment_backup_20260304_1025/src/backups/FINAL_INNOVATION_V1/App.tsx(42,32): error TS2307: Cannot find module './hooks/useContactForm' or its corresponding type declarations.
backups/deployment_backup_20260304_1025/src/backups/FINAL_INNOVATION_V1/App.tsx(43,27): error TS2307: Cannot find module './lib/data' or its corresponding type declarations.
backups/deployment_backup_20260304_1025/src/backups/FINAL_INNOVATION_V1/App.tsx(44,34): error TS2307: Cannot find module './components/InteractiveTools' or its corresponding type declarations.
backups/deployment_backup_20260304_1025/src/backups/FINAL_INNOVATION_V1/App.tsx(45,61): error TS2307: Cannot find module './pages/legal/LegalPages' or its corresponding type declarations.
backups/deployment_backup_20260304_1025/src/backups/FINAL_INNOVATION_V1/App.tsx(46,28): error TS2307: Cannot find module './pages/MarketLive' or its corresponding type declarations.
backups/deployment_backup_20260304_1025/src/backups/FINAL_INNOVATION_V1/App.tsx(47,37): error TS2307: Cannot find module './pages/PropertyPriceOracle' or its corresponding type declarations.
backups/deployment_backup_20260304_1025/src/backups/FINAL_INNOVATION_V1/App.tsx(48,39): error TS2307: Cannot find module './pages/GozoBridgeTracker' or its corresponding type declarations.
backups/deployment_backup_20260304_1025/src/backups/FINAL_INNOVATION_V1/App.tsx(49,35): error TS2307: Cannot find module './pages/PropertyQuiz' or its corresponding type declarations.
backups/deployment_backup_20260304_1025/src/backups/FINAL_INNOVATION_V1/constants.ts(2,33): error TS2307: Cannot find module './content/articles-phase2' or its corresponding type declarations.
backups/deployment_backup_20260304_1025/src/backups/FINAL_INNOVATION_V1/constants.ts(3,33): error TS2307: Cannot find module './content/articles-phase3' or its corresponding type declarations.
backups/deployment_backup_20260304_1025/src/backups/FINAL_INNOVATION_V1/constants.ts(4,34): error TS2307: Cannot find module './content/articles-phase3b' or its corresponding type declarations.
backups/deployment_backup_20260304_1025/src/backups/FINAL_INNOVATION_V1/constants.ts(5,33): error TS2307: Cannot find module './content/articles-phase4' or its corresponding type declarations.
backups/deployment_backup_20260304_1025/src/backups/FINAL_INNOVATION_V1/constants.ts(6,34): error TS2307: Cannot find module './content/articles-phase4b' or its corresponding type declarations.
backups/deployment_backup_20260304_1025/src/backups/FINAL_INNOVATION_V1/constants.ts(7,33): error TS2307: Cannot find module './content/articles-phase5' or its corresponding type declarations.
backups/deployment_backup_20260304_1025/src/backups/FINAL_INNOVATION_V1/constants.ts(8,34): error TS2307: Cannot find module './content/articles-phase5b' or its corresponding type declarations.
backups/deployment_backup_20260304_1025/src/backups/FINAL_INNOVATION_V1/constants.ts(9,34): error TS2307: Cannot find module './content/articles-finance' or its corresponding type declarations.
backups/deployment_backup_20260304_1025/src/backups/FINAL_INNOVATION_V1/constants.ts(10,36): error TS2307: Cannot find module './content/articles-lifestyle' or its corresponding type declarations.
backups/deployment_backup_20260304_1025/src/backups/FINAL_INNOVATION_V1/constants.ts(11,33): error TS2307: Cannot find module './content/articles-cities' or its corresponding type declarations.
backups/deployment_backup_20260304_1025/src/backups/FINAL_INNOVATION_V1/constants.ts(12,35): error TS2307: Cannot find module './content/articles-longtail' or its corresponding type declarations.
backups/deployment_backup_20260304_1025/src/backups/FINAL_INNOVATION_V1/constants.ts(13,36): error TS2307: Cannot find module './content/articles-technical' or its corresponding type declarations.
backups/deployment_backup_20260304_1025/src/backups/FINAL_INNOVATION_V1/EPCCalculator.tsx(4,37): error TS2307: Cannot find module '../types' or its corresponding type declarations.
backups/deployment_backup_20260304_1025/src/backups/FINAL_INNOVATION_V1/GozoBridgeTracker.tsx(8,28): error TS2307: Cannot find module '../components/Breadcrumb' or its corresponding type declarations.
backups/deployment_backup_20260304_1025/src/backups/FINAL_INNOVATION_V1/GozoBridgeTracker.tsx(9,29): error TS2307: Cannot find module '../lib/seo/meta' or its corresponding type declarations.
backups/deployment_backup_20260304_1025/src/backups/FINAL_INNOVATION_V1/NoiseAnalysis.tsx(4,43): error TS2307: Cannot find module '../types' or its corresponding type declarations.
backups/deployment_backup_20260304_1025/src/backups/FINAL_INNOVATION_V1/PriceHistory.tsx(4,44): error TS2307: Cannot find module '../types' or its corresponding type declarations.
backups/deployment_backup_20260304_1025/src/backups/FINAL_INNOVATION_V1/PriceHistory.tsx(5,32): error TS2307: Cannot find module '../lib/data' or its corresponding type declarations.
backups/deployment_backup_20260304_1025/src/backups/FINAL_INNOVATION_V1/PropertiesPage.tsx(5,28): error TS2307: Cannot find module '../constants' or its corresponding type declarations.
backups/deployment_backup_20260304_1025/src/backups/FINAL_INNOVATION_V1/PropertiesPage.tsx(6,30): error TS2307: Cannot find module '../components/PropertyCard' or its corresponding type declarations.
backups/deployment_backup_20260304_1025/src/backups/FINAL_INNOVATION_V1/PropertiesPage.tsx(7,26): error TS2307: Cannot find module '../types' or its corresponding type declarations.
backups/deployment_backup_20260304_1025/src/backups/FINAL_INNOVATION_V1/PropertiesPage.tsx(8,28): error TS2307: Cannot find module '../components/Breadcrumb' or its corresponding type declarations.
backups/deployment_backup_20260304_1025/src/backups/FINAL_INNOVATION_V1/PropertiesPage.tsx(9,29): error TS2307: Cannot find module '../lib/seo/meta' or its corresponding type declarations.
backups/deployment_backup_20260304_1025/src/backups/FINAL_INNOVATION_V1/PropertyCard.tsx(4,26): error TS2307: Cannot find module '../types' or its corresponding type declarations.
backups/deployment_backup_20260304_1025/src/backups/FINAL_INNOVATION_V1/PropertyCard.tsx(5,32): error TS2307: Cannot find module './FavoriteButton' or its corresponding type declarations.
backups/deployment_backup_20260304_1025/src/backups/FINAL_INNOVATION_V1/PropertyCard.tsx(6,42): error TS2307: Cannot find module './InvestmentPassport' or its corresponding type declarations.
backups/deployment_backup_20260304_1025/src/backups/FINAL_INNOVATION_V1/PropertyPriceOracle.tsx(8,32): error TS2307: Cannot find module '../lib/data' or its corresponding type declarations.
backups/deployment_backup_20260304_1025/src/backups/FINAL_INNOVATION_V1/PropertyPriceOracle.tsx(9,28): error TS2307: Cannot find module '../components/Breadcrumb' or its corresponding type declarations.
backups/deployment_backup_20260304_1025/src/backups/FINAL_INNOVATION_V1/PropertyPriceOracle.tsx(10,29): error TS2307: Cannot find module '../lib/seo/meta' or its corresponding type declarations.
backups/deployment_backup_20260304_1025/src/backups/FINAL_INNOVATION_V1/PropertyPriceOracle.tsx(223,80): error TS2339: Property 'locationId' does not exist on type 'unknown'.
backups/deployment_backup_20260304_1025/src/backups/FINAL_INNOVATION_V1/PropertyPriceOracle.tsx(223,101): error TS2339: Property 'locationId' does not exist on type 'unknown'.
backups/deployment_backup_20260304_1025/src/backups/FINAL_INNOVATION_V1/PropertyPriceOracle.tsx(223,144): error TS2339: Property 'locationId' does not exist on type 'unknown'.
backups/deployment_backup_20260304_1025/src/backups/FINAL_INNOVATION_V1/PropertyPriceOracle.tsx(223,176): error TS2339: Property 'locationId' does not exist on type 'unknown'.
backups/deployment_backup_20260304_1025/src/backups/FINAL_INNOVATION_V1/PropertyPriceOracle.tsx(223,215): error TS2339: Property 'locationId' does not exist on type 'unknown'.
backups/deployment_backup_20260304_1025/src/backups/FINAL_INNOVATION_V1/PropertyPriceOracle.tsx(223,249): error TS2339: Property 'locationId' does not exist on type 'unknown'.
backups/deployment_backup_20260304_1025/src/backups/FINAL_INNOVATION_V1/PropertyPriceOracle.tsx(223,300): error TS2339: Property 'locationId' does not exist on type 'unknown'.
backups/deployment_backup_20260304_1025/src/backups/FINAL_INNOVATION_V1/PropertyQuiz.tsx(9,29): error TS2307: Cannot find module '../lib/seo/meta' or its corresponding type declarations.
backups/deployment_backup_20260304_1025/src/backups/FINAL_INNOVATION_V1/PropertyTwinFinder.tsx(4,26): error TS2307: Cannot find module '../types' or its corresponding type declarations.
backups/deployment_backup_20260304_1025/src/backups/FINAL_INNOVATION_V1/PropertyTwinFinder.tsx(5,28): error TS2307: Cannot find module '../constants' or its corresponding type declarations.
backups/deployment_backup_20260304_1025/src/backups/FINAL_INNOVATION_V1/SearchFilter.tsx(5,27): error TS2307: Cannot find module '../lib/data' or its corresponding type declarations.
backups/deployment_backup_20260304_1025/src/backups/FINAL_INNOVATION_V1/SearchFilter.tsx(6,26): error TS2307: Cannot find module '../types' or its corresponding type declarations.
backups/deployment_backup_20260304_1025/src/constants.ts(626,3): error TS2739: Type '{ id: string; name: string; logo: string; description: string; propertyCount: number; }' is missing the following properties from type 'Agency': email, plan, active, created_at
backups/deployment_backup_20260304_1025/src/constants.ts(633,3): error TS2739: Type '{ id: string; name: string; logo: string; description: string; propertyCount: number; }' is missing the following properties from type 'Agency': email, plan, active, created_at
backups/deployment_backup_20260304_1025/src/constants.ts(640,3): error TS2739: Type '{ id: string; name: string; logo: string; description: string; propertyCount: number; }' is missing the following properties from type 'Agency': email, plan, active, created_at
backups/deployment_backup_20260304_1025/src/lib/auth.tsx(96,72): error TS2769: No overload matches this call.
  Overload 1 of 2, '(values: never, options?: { onConflict?: string; ignoreDuplicates?: boolean; count?: "exact" | "planned" | "estimated"; }): PostgrestFilterBuilder<{ PostgrestVersion: "12"; }, never, never, null, "agencies", never, "POST">', gave the following error.
    Argument of type '{ id: string; name: string; email: string; license_no: string; phone: string; plan: string; active: boolean; }' is not assignable to parameter of type 'never'.
  Overload 2 of 2, '(values: never[], options?: { onConflict?: string; ignoreDuplicates?: boolean; count?: "exact" | "planned" | "estimated"; defaultToNull?: boolean; }): PostgrestFilterBuilder<{ PostgrestVersion: "12"; }, never, ... 4 more ..., "POST">', gave the following error.
    Object literal may only specify known properties, and 'id' does not exist in type 'never[]'.
src/lib/auth.tsx(96,72): error TS2769: No overload matches this call.
  Overload 1 of 2, '(values: never, options?: { onConflict?: string; ignoreDuplicates?: boolean; count?: "exact" | "planned" | "estimated"; }): PostgrestFilterBuilder<{ PostgrestVersion: "12"; }, never, never, null, "agencies", never, "POST">', gave the following error.
    Argument of type '{ id: string; name: string; email: string; license_no: string; phone: string; plan: string; active: boolean; }' is not assignable to parameter of type 'never'.
  Overload 2 of 2, '(values: never[], options?: { onConflict?: string; ignoreDuplicates?: boolean; count?: "exact" | "planned" | "estimated"; defaultToNull?: boolean; }): PostgrestFilterBuilder<{ PostgrestVersion: "12"; }, never, ... 4 more ..., "POST">', gave the following error.
    Object literal may only specify known properties, and 'id' does not exist in type 'never[]'.
